ApiError: Missing required fields: Email, Social Media Name, Social Media URL
    at C:\Users\anuno\Downloads\business-website-fullstack\server\src\controllers\orderController.js:34:39 {
  statusCode: 400,
  errors: []
}
ApiError: Missing required fields: Email, Social Media Name, Social Media URL
    at C:\Users\anuno\Downloads\business-website-fullstack\server\src\controllers\orderController.js:34:39 {
  statusCode: 400,
  errors: []
}
ApiError: Route not found: GET /transactions
    at notFound (C:\Users\anuno\Downloads\business-website-fullstack\server\src\middleware\errorHandler.js:5:8)
    at newFn (C:\Users\anuno\Downloads\business-website-fullstack\server\node_modules\express-async-errors\index.js:16:20)
    at Layer.handle [as handle_request] (C:\Users\anuno\Downloads\business-website-fullstack\server\node_modules\express\lib\router\layer.js:95:5)
    at trim_prefix (C:\Users\anuno\Downloads\business-website-fullstack\server\node_modules\express\lib\router\index.js:328:13)
    at C:\Users\anuno\Downloads\business-website-fullstack\server\node_modules\express\lib\router\index.js:286:9
    at Function.process_params (C:\Users\anuno\Downloads\business-website-fullstack\server\node_modules\express\lib\router\index.js:346:12)
    at next (C:\Users\anuno\Downloads\business-website-fullstack\server\node_modules\express\lib\router\index.js:280:10)
    at logger (C:\Users\anuno\Downloads\business-website-fullstack\server\node_modules\morgan\index.js:170:5)
    at newFn (C:\Users\anuno\Downloads\business-website-fullstack\server\node_modules\express-async-errors\index.js:16:20)
    at Layer.handle [as handle_request] (C:\Users\anuno\Downloads\business-website-fullstack\server\node_modules\express\lib\router\layer.js:95:5) {
  statusCode: 404,
  errors: []
}
ApiError: Route not found: GET /transactions
    at notFound (C:\Users\anuno\Downloads\business-website-fullstack\server\src\middleware\errorHandler.js:5:8)
    at newFn (C:\Users\anuno\Downloads\business-website-fullstack\server\node_modules\express-async-errors\index.js:16:20)
    at Layer.handle [as handle_request] (C:\Users\anuno\Downloads\business-website-fullstack\server\node_modules\express\lib\router\layer.js:95:5)
    at trim_prefix (C:\Users\anuno\Downloads\business-website-fullstack\server\node_modules\express\lib\router\index.js:328:13)
    at C:\Users\anuno\Downloads\business-website-fullstack\server\node_modules\express\lib\router\index.js:286:9
    at Function.process_params (C:\Users\anuno\Downloads\business-website-fullstack\server\node_modules\express\lib\router\index.js:346:12)
    at next (C:\Users\anuno\Downloads\business-website-fullstack\server\node_modules\express\lib\router\index.js:280:10)
    at logger (C:\Users\anuno\Downloads\business-website-fullstack\server\node_modules\morgan\index.js:170:5)
    at newFn (C:\Users\anuno\Downloads\business-website-fullstack\server\node_modules\express-async-errors\index.js:16:20)
    at Layer.handle [as handle_request] (C:\Users\anuno\Downloads\business-website-fullstack\server\node_modules\express\lib\router\layer.js:95:5) {
  statusCode: 404,
  errors: []
}
ApiError: Route not found: GET /transactions?all=1
    at notFound (C:\Users\anuno\Downloads\business-website-fullstack\server\src\middleware\errorHandler.js:5:8)
    at newFn (C:\Users\anuno\Downloads\business-website-fullstack\server\node_modules\express-async-errors\index.js:16:20)
    at Layer.handle [as handle_request] (C:\Users\anuno\Downloads\business-website-fullstack\server\node_modules\express\lib\router\layer.js:95:5)
    at trim_prefix (C:\Users\anuno\Downloads\business-website-fullstack\server\node_modules\express\lib\router\index.js:328:13)
    at C:\Users\anuno\Downloads\business-website-fullstack\server\node_modules\express\lib\router\index.js:286:9
    at Function.process_params (C:\Users\anuno\Downloads\business-website-fullstack\server\node_modules\express\lib\router\index.js:346:12)
    at next (C:\Users\anuno\Downloads\business-website-fullstack\server\node_modules\express\lib\router\index.js:280:10)
    at logger (C:\Users\anuno\Downloads\business-website-fullstack\server\node_modules\morgan\index.js:170:5)
    at newFn (C:\Users\anuno\Downloads\business-website-fullstack\server\node_modules\express-async-errors\index.js:16:20)
    at Layer.handle [as handle_request] (C:\Users\anuno\Downloads\business-website-fullstack\server\node_modules\express\lib\router\layer.js:95:5) {
  statusCode: 404,
  errors: []
}
